data/history/10753341705.csv
time,date,itemid,price,discount,price_before_discount,stock,sold,item_status,cmt_count,liked_count
1644819191,20220214,10753341705,2149000000000,14%,2499000000000,0,301,sold_out,203,2598
1644820918,20220214,10753341705,2149000000000,14%,2499000000000,0,301,sold_out,203,2597
1644826407,20220214,10753341705,2149000000000,14%,2499000000000,0,301,sold_out,203,2602
1644827931,20220214,10753341705,2149000000000,14%,2499000000000,0,301,sold_out,203,2603
1644901833,20220215,10753341705,2099000000000,16%,2499000000000,0,180,sold_out,207,2712
1644903231,20220215,10753341705,2099000000000,16%,2499000000000,0,180,sold_out,207,2718
1644909021,20220215,10753341705,2099000000000,16%,2499000000000,0,180,sold_out,207,2732
1644910434,20220215,10753341705,2099000000000,16%,2499000000000,0,180,sold_out,207,2736
1645726609,20220224,10753341705,2099000000000,16%,2499000000000,0,324,sold_out,252,3082
1645728093,20220224,10753341705,2099000000000,16%,2499000000000,0,324,sold_out,252,3081
1645731261,20220224,10753341705,2099000000000,16%,2499000000000,0,324,sold_out,252,3082
1645733520,20220224,10753341705,2099000000000,16%,2499000000000,0,363,sold_out,252,3082
1645953052,20220227,10753341705,2099000000000,16%,2499000000000,0,359,sold_out,266,3166
1645954529,20220227,10753341705,2099000000000,16%,2499000000000,0,359,sold_out,266,3168
1645967636,20220227,10753341705,2099000000000,16%,2499000000000,0,359,sold_out,266,3169
1645968906,20220227,10753341705,2099000000000,16%,2499000000000,0,359,sold_out,266,3167
1645971041,20220227,10753341705,2099000000000,16%,2499000000000,0,359,sold_out,266,3166
1645976285,20220227,10753341705,2099000000000,16%,2499000000000,0,359,sold_out,266,3165
1645978466,20220227,10753341705,2099000000000,16%,2499000000000,0,359,sold_out,266,3166
1645981844,20220227,10753341705,2099000000000,16%,2499000000000,0,359,sold_out,266,3168
1645983334,20220227,10753341705,2099000000000,16%,2499000000000,0,359,sold_out,266,3167
1645985587,20220227,10753341705,2099000000000,16%,2499000000000,0,359,sold_out,266,3169
1645988934,20220227,10753341705,2099000000000,16%,2499000000000,0,359,sold_out,266,3168
1645992718,20220227,10753341705,2099000000000,16%,2499000000000,0,374,sold_out,266,3169
1646003470,20220227,10753341705,2099000000000,16%,2499000000000,0,374,sold_out,266,3170
1646009202,20220228,10753341705,2099000000000,16%,2499000000000,0,374,sold_out,266,3170
1646013765,20220228,10753341705,2099000000000,16%,2499000000000,0,374,sold_out,266,3172
1646016521,20220228,10753341705,2099000000000,16%,2499000000000,0,374,sold_out,267,3172
1646017945,20220228,10753341705,2099000000000,16%,2499000000000,0,374,sold_out,267,3173
1646019505,20220228,10753341705,2099000000000,16%,2499000000000,0,374,sold_out,268,3174
1646021675,20220228,10753341705,2099000000000,16%,2499000000000,0,374,sold_out,268,3175
1646023521,20220228,10753341705,2099000000000,16%,2499000000000,0,374,sold_out,268,3176
1646025115,20220228,10753341705,2099000000000,16%,2499000000000,0,374,sold_out,268,3175
1646028868,20220228,10753341705,2099000000000,16%,2499000000000,0,374,sold_out,269,3174
1646036052,20220228,10753341705,2099000000000,16%,2499000000000,0,374,sold_out,269,3175
1646037591,20220228,10753341705,2099000000000,16%,2499000000000,0,374,sold_out,270,3175
1646046586,20220228,10753341705,2099000000000,16%,2499000000000,0,374,sold_out,270,3178
1646050730,20220228,10753341705,2099000000000,16%,2499000000000,0,374,sold_out,270,3179
1646052851,20220228,10753341705,2099000000000,16%,2499000000000,0,374,sold_out,270,3178
1646061380,20220228,10753341705,2099000000000,16%,2499000000000,0,374,sold_out,270,3176
1646067221,20220228,10753341705,2099000000000,16%,2499000000000,0,374,sold_out,270,3177
1646072236,20220228,10753341705,2099000000000,16%,2499000000000,0,374,sold_out,270,3176
1646073699,20220228,10753341705,2099000000000,16%,2499000000000,0,374,sold_out,271,3176
1646089940,20220228,10753341705,2099000000000,16%,2499000000000,0,374,sold_out,271,3175
1646095934,20220301,10753341705,2099000000000,16%,2499000000000,0,374,sold_out,271,3174
1646104901,20220301,10753341705,2099000000000,16%,2499000000000,0,374,sold_out,271,3174
1646108084,20220301,10753341705,2099000000000,16%,2499000000000,0,374,sold_out,271,3172
1646116999,20220301,10753341705,2099000000000,16%,2499000000000,0,374,sold_out,272,3173
1646122469,20220301,10753341705,2099000000000,16%,2499000000000,0,374,sold_out,272,3172
1646126047,20220301,10753341705,2099000000000,16%,2499000000000,0,374,sold_out,272,3171
1646129565,20220301,10753341705,2099000000000,16%,2499000000000,0,374,sold_out,272,3173
1646131114,20220301,10753341705,2099000000000,16%,2499000000000,0,374,sold_out,272,3172
1646155059,20220301,10753341705,2099000000000,16%,2499000000000,0,374,sold_out,274,3175
1646156252,20220301,10753341705,2099000000000,16%,2499000000000,0,374,sold_out,274,3173
1646177780,20220301,10753341705,2099000000000,16%,2499000000000,0,374,sold_out,274,3174
1646186943,20220302,10753341705,2099000000000,16%,2499000000000,0,374,sold_out,275,3174
1646196309,20220302,10753341705,2099000000000,16%,2499000000000,0,374,sold_out,275,3173
1646228208,20220302,10753341705,2099000000000,16%,2499000000000,0,374,sold_out,276,3186
1646230342,20220302,10753341705,2099000000000,16%,2499000000000,0,374,sold_out,277,3185
1646235754,20220302,10753341705,2099000000000,16%,2499000000000,0,374,sold_out,277,3186
1646239952,20220302,10753341705,2099000000000,16%,2499000000000,0,374,sold_out,277,3187
1646241160,20220302,10753341705,2099000000000,16%,2499000000000,0,374,sold_out,277,3188
1646242601,20220302,10753341705,2099000000000,16%,2499000000000,0,374,sold_out,278,3187
1646245087,20220302,10753341705,2099000000000,16%,2499000000000,0,374,sold_out,278,3186
1646246507,20220302,10753341705,2099000000000,16%,2499000000000,0,374,sold_out,278,3187
1646253351,20220302,10753341705,2099000000000,16%,2499000000000,0,374,sold_out,278,3187
1646260620,20220302,10753341705,2099000000000,16%,2499000000000,0,374,sold_out,278,3186
1646268580,20220303,10753341705,2099000000000,16%,2499000000000,0,374,sold_out,278,3186
1646273454,20220303,10753341705,2099000000000,16%,2499000000000,0,374,sold_out,279,3185
1646278743,20220303,10753341705,2099000000000,16%,2499000000000,0,374,sold_out,279,3184
1646280873,20220303,10753341705,2099000000000,16%,2499000000000,0,374,sold_out,279,3185
1646282701,20220303,10753341705,2099000000000,16%,2499000000000,0,374,sold_out,280,3185
1646284254,20220303,10753341705,2099000000000,16%,2499000000000,0,374,sold_out,280,3186
1646288055,20220303,10753341705,2099000000000,16%,2499000000000,0,374,sold_out,280,3185
1646300259,20220303,10753341705,2099000000000,16%,2499000000000,0,374,sold_out,280,3187
1646302391,20220303,10753341705,2099000000000,16%,2499000000000,0,374,sold_out,280,3186
1646306080,20220303,10753341705,2099000000000,16%,2499000000000,0,374,sold_out,282,3186
1646310195,20220303,10753341705,2099000000000,16%,2499000000000,0,374,sold_out,284,3188
1646318443,20220303,10753341705,2099000000000,16%,2499000000000,0,374,sold_out,284,3187
1646322226,20220303,10753341705,2099000000000,16%,2499000000000,0,374,sold_out,284,3188
1646326730,20220303,10753341705,2099000000000,16%,2499000000000,0,374,sold_out,284,3187
1646327835,20220303,10753341705,2099000000000,16%,2499000000000,0,374,sold_out,284,3188
1646347028,20220303,10753341705,2099000000000,16%,2499000000000,0,374,sold_out,284,3189
1646396369,20220304,10753341705,2099000000000,16%,2499000000000,0,374,sold_out,289,3204
1646429719,20220304,10753341705,2099000000000,16%,2499000000000,0,374,sold_out,289,3210
1646441357,20220305,10753341705,2099000000000,16%,2499000000000,0,374,sold_out,289,3210
1647136911,20220313,10753341705,2099000000000,16%,2499000000000,0,374,sold_out,308,3474
1647195182,20220313,10753341705,2099000000000,16%,2499000000000,0,374,sold_out,309,3500
1647219006,20220314,10753341705,2099000000000,16%,2499000000000,0,374,sold_out,309,3503
1647223801,20220314,10753341705,2099000000000,16%,2499000000000,0,374,sold_out,309,3504
1647227629,20220314,10753341705,2099000000000,16%,2499000000000,0,374,sold_out,309,3503
1647231460,20220314,10753341705,2099000000000,16%,2499000000000,0,374,sold_out,309,3502
1647234086,20220314,10753341705,2099000000000,16%,2499000000000,0,374,sold_out,309,3503
1647240251,20220314,10753341705,2099000000000,16%,2499000000000,0,374,sold_out,309,3505
1647241908,20220314,10753341705,2099000000000,16%,2499000000000,0,374,sold_out,309,3506
1647247467,20220314,10753341705,2099000000000,16%,2499000000000,0,374,sold_out,309,3505
1647252835,20220314,10753341705,2099000000000,16%,2499000000000,0,374,sold_out,309,3507
1647254528,20220314,10753341705,2099000000000,16%,2499000000000,0,374,sold_out,309,3506
1647260626,20220314,10753341705,2099000000000,16%,2499000000000,0,374,sold_out,310,3506
1647265337,20220314,10753341705,2099000000000,16%,2499000000000,0,374,sold_out,310,3505
1647268838,20220314,10753341705,2099000000000,16%,2499000000000,0,374,sold_out,310,3504
1647271031,20220314,10753341705,2099000000000,16%,2499000000000,0,374,sold_out,310,3505
1647274834,20220314,10753341705,2099000000000,16%,2499000000000,0,374,sold_out,310,3508
1647276819,20220314,10753341705,2099000000000,16%,2499000000000,0,374,sold_out,310,3510
1647310384,20220315,10753341705,2099000000000,16%,2499000000000,0,374,sold_out,310,3530
1647317717,20220315,10753341705,2099000000000,16%,2499000000000,0,374,sold_out,310,3533
1647328324,20220315,10753341705,2099000000000,16%,2499000000000,0,374,sold_out,311,3541
1647332102,20220315,10753341705,2099000000000,16%,2499000000000,0,374,sold_out,312,3541
1647335644,20220315,10753341705,2099000000000,16%,2499000000000,0,374,sold_out,312,3542
1647337046,20220315,10753341705,2099000000000,16%,2499000000000,0,374,sold_out,313,3541
1647339213,20220315,10753341705,2099000000000,16%,2499000000000,0,374,sold_out,313,3540
1647342636,20220315,10753341705,2099000000000,16%,2499000000000,0,374,sold_out,313,3539
1647347001,20220315,10753341705,2099000000000,16%,2499000000000,0,374,sold_out,314,3539
1647350804,20220315,10753341705,2099000000000,16%,2499000000000,0,374,sold_out,314,3538
1647363188,20220315,10753341705,2099000000000,16%,2499000000000,0,374,sold_out,314,3537
1647881664,20220321,10753341705,2099000000000,16%,2499000000000,0,408,sold_out,327,3673
1647882866,20220321,10753341705,2099000000000,16%,2499000000000,0,408,sold_out,328,3673
1647891420,20220321,10753341705,2099000000000,16%,2499000000000,0,408,sold_out,328,3672
1647962074,20220322,10753341705,2099000000000,16%,2499000000000,0,408,sold_out,328,3694
1647970012,20220322,10753341705,2099000000000,16%,2499000000000,0,408,sold_out,328,3696
1647996995,20220323,10753341705,2099000000000,16%,2499000000000,0,408,sold_out,328,3696
1648044948,20220323,10753341705,2099000000000,16%,2499000000000,0,408,sold_out,328,3712
1648057095,20220323,10753341705,2099000000000,16%,2499000000000,0,408,sold_out,328,3722
1648078596,20220323,10753341705,2099000000000,16%,2499000000000,0,408,sold_out,328,3723
1648083099,20220324,10753341705,2099000000000,16%,2499000000000,0,408,sold_out,328,3722
1648088527,20220324,10753341705,2099000000000,16%,2499000000000,0,408,sold_out,328,3719
1648204925,20220325,10753341705,2089000000000,16%,2499000000000,0,408,sold_out,332,3777
1648212162,20220325,10753341705,2089000000000,16%,2499000000000,0,408,sold_out,332,3777
1648215970,20220325,10753341705,2089000000000,16%,2499000000000,0,408,sold_out,332,3776
1648219187,20220325,10753341705,2089000000000,16%,2499000000000,0,408,sold_out,332,3777
1648225064,20220325,10753341705,2089000000000,16%,2499000000000,0,408,sold_out,332,3779
1648233803,20220325,10753341705,2089000000000,16%,2499000000000,0,408,sold_out,332,3780
1648255773,20220326,10753341705,2089000000000,16%,2499000000000,0,408,sold_out,332,3781
1648261089,20220326,10753341705,2089000000000,16%,2499000000000,0,408,sold_out,332,3782
1648285848,20220326,10753341705,2089000000000,16%,2499000000000,0,408,sold_out,333,3786
1648287367,20220326,10753341705,2089000000000,16%,2499000000000,0,408,sold_out,333,3787
1648289531,20220326,10753341705,2089000000000,16%,2499000000000,0,408,sold_out,335,3787
1648291086,20220326,10753341705,2089000000000,16%,2499000000000,0,408,sold_out,335,3786
1648299209,20220326,10753341705,2089000000000,16%,2499000000000,0,408,sold_out,335,3785
1648301795,20220326,10753341705,2089000000000,16%,2499000000000,0,408,sold_out,336,3785
1648311300,20220326,10753341705,2089000000000,16%,2499000000000,0,408,sold_out,336,3784
1648318402,20220326,10753341705,2089000000000,16%,2499000000000,0,408,sold_out,336,3786
1648342475,20220327,10753341705,2089000000000,16%,2499000000000,0,408,sold_out,336,3786
1648347592,20220327,10753341705,2089000000000,16%,2499000000000,0,408,sold_out,336,3784
1648350041,20220327,10753341705,2089000000000,16%,2499000000000,0,408,sold_out,336,3785
1648363362,20220327,10753341705,2089000000000,16%,2499000000000,0,408,sold_out,336,3786
1648365062,20220327,10753341705,2089000000000,16%,2499000000000,0,408,sold_out,336,3787
1648375941,20220327,10753341705,2089000000000,16%,2499000000000,0,408,sold_out,336,3788
1648380907,20220327,10753341705,2089000000000,16%,2499000000000,0,408,sold_out,336,3786
1648390220,20220327,10753341705,2089000000000,16%,2499000000000,0,408,sold_out,336,3784
1648397737,20220327,10753341705,2089000000000,16%,2499000000000,0,408,sold_out,336,3785
1648411974,20220327,10753341705,2089000000000,16%,2499000000000,0,274,sold_out,336,3785
1648419117,20220327,10753341705,2089000000000,16%,2499000000000,0,274,sold_out,336,3784
1648428918,20220328,10753341705,2089000000000,16%,2499000000000,0,274,sold_out,336,3784
1648434984,20220328,10753341705,2089000000000,16%,2499000000000,0,274,sold_out,336,3783
1648444262,20220328,10753341705,2089000000000,16%,2499000000000,0,274,sold_out,337,3784
1648445698,20220328,10753341705,2089000000000,16%,2499000000000,0,274,sold_out,337,3783
1648448131,20220328,10753341705,2089000000000,16%,2499000000000,0,274,sold_out,337,3782
1648453062,20220328,10753341705,2089000000000,16%,2499000000000,0,274,sold_out,337,3781
1648458898,20220328,10753341705,2089000000000,16%,2499000000000,0,274,sold_out,337,3780
1648460561,20220328,10753341705,2089000000000,16%,2499000000000,0,274,sold_out,337,3779
1648476747,20220328,10753341705,2089000000000,16%,2499000000000,0,274,sold_out,337,3777
1648478451,20220328,10753341705,2089000000000,16%,2499000000000,0,274,sold_out,337,3778
1648480650,20220328,10753341705,2089000000000,16%,2499000000000,0,274,sold_out,337,3777
1648515333,20220329,10753341705,2089000000000,16%,2499000000000,0,274,sold_out,337,3777
1648607635,20220330,10753341705,2089000000000,16%,2499000000000,0,247,sold_out,340,3793
1648709039,20220331,10753341705,2089000000000,16%,2499000000000,0,229,sold_out,342,3802
1648716101,20220331,10753341705,2089000000000,16%,2499000000000,0,229,sold_out,342,3801
1648726783,20220331,10753341705,2089000000000,16%,2499000000000,0,229,sold_out,342,3800
1648729604,20220331,10753341705,2089000000000,16%,2499000000000,0,229,sold_out,342,3798
1648734529,20220331,10753341705,2089000000000,16%,2499000000000,0,229,sold_out,342,3797
1648745682,20220331,10753341705,2089000000000,16%,2499000000000,0,214,sold_out,342,3797
1648789870,20220401,10753341705,2099000000000,16%,2499000000000,0,214,sold_out,342,3802
1648793724,20220401,10753341705,2099000000000,16%,2499000000000,0,214,sold_out,342,3801
1648798567,20220401,10753341705,2099000000000,16%,2499000000000,0,214,sold_out,342,3801
1648806095,20220401,10753341705,2099000000000,16%,2499000000000,0,214,sold_out,342,3802
1648809625,20220401,10753341705,2099000000000,16%,2499000000000,0,214,sold_out,342,3801
1648820843,20220401,10753341705,2099000000000,16%,2499000000000,0,214,sold_out,342,3800
1648822606,20220401,10753341705,2099000000000,16%,2499000000000,0,214,sold_out,342,3801
1648826268,20220401,10753341705,2099000000000,16%,2499000000000,0,214,sold_out,343,3802
1648833493,20220401,10753341705,2099000000000,16%,2499000000000,0,210,sold_out,343,3802
1648860653,20220402,10753341705,2099000000000,16%,2499000000000,0,210,sold_out,343,3802
1648876250,20220402,10753341705,2099000000000,16%,2499000000000,0,210,sold_out,343,3801
1648877692,20220402,10753341705,2099000000000,16%,2499000000000,0,210,sold_out,343,3802
1648881810,20220402,10753341705,2099000000000,16%,2499000000000,0,210,sold_out,343,3803
1648912295,20220402,10753341705,2099000000000,16%,2499000000000,0,210,sold_out,343,3802
1648918277,20220402,10753341705,2099000000000,16%,2499000000000,0,198,sold_out,343,3802
1648921008,20220402,10753341705,2099000000000,16%,2499000000000,0,198,sold_out,343,3801
1648935353,20220402,10753341705,2099000000000,16%,2499000000000,0,198,sold_out,343,3800
1648947375,20220403,10753341705,2099000000000,16%,2499000000000,0,198,sold_out,343,3800
1648961143,20220403,10753341705,2099000000000,16%,2499000000000,0,198,sold_out,343,3801
1648968194,20220403,10753341705,2099000000000,16%,2499000000000,0,198,sold_out,343,3800
1648969889,20220403,10753341705,2099000000000,16%,2499000000000,0,198,sold_out,343,3798
1648975184,20220403,10753341705,2099000000000,16%,2499000000000,0,198,sold_out,343,3797
1648977105,20220403,10753341705,2099000000000,16%,2499000000000,0,198,sold_out,343,3796
1648978611,20220403,10753341705,2099000000000,16%,2499000000000,0,198,sold_out,343,3795
1648990487,20220403,10753341705,2099000000000,16%,2499000000000,0,198,sold_out,343,3794
1648991870,20220403,10753341705,2099000000000,16%,2499000000000,0,198,sold_out,343,3795
1648995018,20220403,10753341705,2099000000000,16%,2499000000000,0,198,sold_out,343,3796
1649000358,20220403,10753341705,2099000000000,16%,2499000000000,0,198,sold_out,343,3797
1649002519,20220403,10753341705,2099000000000,16%,2499000000000,0,198,sold_out,343,3796
1649004686,20220403,10753341705,2099000000000,16%,2499000000000,0,188,sold_out,343,3797
1649005948,20220403,10753341705,2089000000000,16%,2499000000000,0,188,sold_out,343,3798
