data/history/10753341705.csv
time,date,itemid,price,discount,price_before_discount,stock,sold,item_status,cmt_count,liked_count
1649007424,20220403,10753341705,2089000000000,16%,2499000000000,0,188,sold_out,343,3797
1649009605,20220403,10753341705,2089000000000,16%,2499000000000,0,188,sold_out,343,3796
1649011284,20220403,10753341705,2089000000000,16%,2499000000000,0,188,sold_out,343,3797
1649012988,20220403,10753341705,2089000000000,16%,2499000000000,0,188,sold_out,343,3796
1649016773,20220403,10753341705,2089000000000,16%,2499000000000,0,188,sold_out,343,3797
1649027491,20220403,10753341705,2089000000000,16%,2499000000000,0,188,sold_out,343,3796
1649033704,20220404,10753341705,2089000000000,16%,2499000000000,0,188,sold_out,343,3797
1649040121,20220404,10753341705,2089000000000,16%,2499000000000,0,188,sold_out,343,3798
1649049083,20220404,10753341705,2089000000000,16%,2499000000000,0,188,sold_out,343,3799
1649050529,20220404,10753341705,2089000000000,16%,2499000000000,0,188,sold_out,343,3798
1649052915,20220404,10753341705,2089000000000,16%,2499000000000,0,188,sold_out,343,3799
1649075077,20220404,10753341705,2089000000000,16%,2499000000000,0,188,sold_out,343,3800
1649079465,20220404,10753341705,2089000000000,16%,2499000000000,0,188,sold_out,343,3799
1649086878,20220404,10753341705,2089000000000,16%,2499000000000,0,188,sold_out,343,3800
1649227444,20220406,10753341705,2099000000000,16%,2499000000000,0,182,sold_out,344,3813
1649246936,20220406,10753341705,2099000000000,16%,2499000000000,0,182,sold_out,344,3812
1649255581,20220406,10753341705,2099000000000,16%,2499000000000,0,182,sold_out,344,3811
1649257662,20220406,10753341705,2099000000000,16%,2499000000000,0,182,sold_out,344,3810
1649261273,20220406,10753341705,2099000000000,16%,2499000000000,0,182,sold_out,344,3809
1649264833,20220406,10753341705,2099000000000,16%,2499000000000,0,175,sold_out,344,3809
1649266470,20220406,10753341705,2099000000000,16%,2499000000000,0,175,sold_out,344,3808
1649273536,20220406,10753341705,2099000000000,16%,2499000000000,0,1111,sold_out,344,3808
1649275410,20220406,10753341705,2099000000000,16%,2499000000000,0,175,sold_out,344,3808
1649290134,20220407,10753341705,2099000000000,16%,2499000000000,0,175,sold_out,344,3808
1649295020,20220407,10753341705,2099000000000,16%,2499000000000,0,175,sold_out,344,3809
